[known.bio/index.html]
[backblue.gif]
[fade.gif]
[index.html]
[cdn-known-bio.netlify.app/cdn.known.bio/css/main.css]
[cdn-known-bio.netlify.app/rawcdn.githack.com/hung1001/font-awesome-pro-v6/44659d9/css/all.min.css]
[cdn-known-bio.netlify.app/cdn.known.bio/images/az/embed.png]
[cdn-known-bio.netlify.app/cdn.known.bio/javascript/duration.js]
[cdn-known-bio.netlify.app/cdnjs.cloudflare.com/ajax/libs/typed.js/2.0.8/typed.min.js]
[cdn-known-bio.netlify.app/cdn.known.bio/javascript/main.js]
[cdn-known-bio.netlify.app/cdn.known.bio/javascript/playlist.js]
[cdn-known-bio.netlify.app/cdn.known.bio/javascript/disable_inspect.js]
[cdn-known-bio.netlify.app/cdn.known.bio/javascript/disable_devtool.8.delayed]
[known.bio/index.html]
[cdn-known-bio.netlify.app/cdn.known.bio/css/derk.otf]
[cdn-known-bio.netlify.app/cdn.known.bio/css/main.css]
[cdn-known-bio.netlify.app/cdn.known.bio/css/metro.otf]
[cdn-known-bio.netlify.app/rawcdn.githack.com/hung1001/font-awesome-pro-v6/44659d9/css/all.min.css]
[cdn-known-bio.netlify.app/cdn.known.bio/javascript/disable_devtool.html]
